// Jest Snapshot v1, https://goo.gl/fbAQLP

exports[`header renders without crashing 1`] = `
ShallowWrapper {
  Symbol(enzyme.__root__): [Circular],
  Symbol(enzyme.__unrendered__): <WithStyles(CustomPaginationActionsTable)
    rows={
        Array [
            Object {
              "chats_from_autosuggest_count": 98,
              "chats_from_user_count": 1,
              "chats_from_visitor_count": 8,
              "conversation_count": 9,
              "date": "2017-05-04",
              "missed_chat_count": 3,
              "user_message_count": 94,
              "visitor_message_count": 97,
              "visitors_affected_by_chat_count": 100,
              "visitors_autosuggested_count": 92,
              "visitors_with_chat_count": 16,
              "visitors_with_conversation_count": 9,
            },
            Object {
              "chats_from_autosuggest_count": 79,
              "chats_from_user_count": 0,
              "chats_from_visitor_count": 3,
              "conversation_count": 7,
              "date": "2017-05-05",
              "missed_chat_count": 2,
              "user_message_count": 73,
              "visitor_message_count": 77,
              "visitors_affected_by_chat_count": 76,
              "visitors_autosuggested_count": 73,
              "visitors_with_chat_count": 9,
              "visitors_with_conversation_count": 7,
            },
            Object {
              "chats_from_autosuggest_count": 105,
              "chats_from_user_count": 0,
              "chats_from_visitor_count": 5,
              "conversation_count": 11,
              "date": "2017-05-02",
              "missed_chat_count": 1,
              "user_message_count": 53,
              "visitor_message_count": 51,
              "visitors_affected_by_chat_count": 107,
              "visitors_autosuggested_count": 103,
              "visitors_with_chat_count": 12,
              "visitors_with_conversation_count": 11,
            },
            Object {
              "chats_from_autosuggest_count": 105,
              "chats_from_user_count": 0,
              "chats_from_visitor_count": 3,
              "conversation_count": 10,
              "date": "2017-05-03",
              "missed_chat_count": 4,
              "user_message_count": 70,
              "visitor_message_count": 77,
              "visitors_affected_by_chat_count": 100,
              "visitors_autosuggested_count": 99,
              "visitors_with_chat_count": 17,
              "visitors_with_conversation_count": 9,
            },
            Object {
              "chats_from_autosuggest_count": 121,
              "chats_from_user_count": 0,
              "chats_from_visitor_count": 3,
              "conversation_count": 9,
              "date": "2017-05-08",
              "missed_chat_count": 3,
              "user_message_count": 50,
              "visitor_message_count": 62,
              "visitors_affected_by_chat_count": 116,
              "visitors_autosuggested_count": 114,
              "visitors_with_chat_count": 15,
              "visitors_with_conversation_count": 9,
            },
            Object {
              "chats_from_autosuggest_count": 138,
              "chats_from_user_count": 0,
              "chats_from_visitor_count": 4,
              "conversation_count": 13,
              "date": "2017-05-09",
              "missed_chat_count": 2,
              "user_message_count": 116,
              "visitor_message_count": 97,
              "visitors_affected_by_chat_count": 136,
              "visitors_autosuggested_count": 133,
              "visitors_with_chat_count": 15,
              "visitors_with_conversation_count": 13,
            },
            Object {
              "chats_from_autosuggest_count": 146,
              "chats_from_user_count": 0,
              "chats_from_visitor_count": 10,
              "conversation_count": 9,
              "date": "2017-05-10",
              "missed_chat_count": 7,
              "user_message_count": 103,
              "visitor_message_count": 94,
              "visitors_affected_by_chat_count": 139,
              "visitors_autosuggested_count": 138,
              "visitors_with_chat_count": 12,
              "visitors_with_conversation_count": 9,
            },
            Object {
              "chats_from_autosuggest_count": 154,
              "chats_from_user_count": 0,
              "chats_from_visitor_count": 0,
              "conversation_count": 0,
              "date": "2017-05-11",
              "missed_chat_count": 0,
              "user_message_count": 0,
              "visitor_message_count": 0,
              "visitors_affected_by_chat_count": 143,
              "visitors_autosuggested_count": 143,
              "visitors_with_chat_count": 0,
              "visitors_with_conversation_count": 0,
            },
            Object {
              "chats_from_autosuggest_count": 118,
              "chats_from_user_count": 0,
              "chats_from_visitor_count": 4,
              "conversation_count": 11,
              "date": "2017-05-12",
              "missed_chat_count": 0,
              "user_message_count": 99,
              "visitor_message_count": 95,
              "visitors_affected_by_chat_count": 115,
              "visitors_autosuggested_count": 112,
              "visitors_with_chat_count": 13,
              "visitors_with_conversation_count": 10,
            },
            Object {
              "chats_from_autosuggest_count": 142,
              "chats_from_user_count": 0,
              "chats_from_visitor_count": 4,
              "conversation_count": 9,
              "date": "2017-05-15",
              "missed_chat_count": 1,
              "user_message_count": 86,
              "visitor_message_count": 72,
              "visitors_affected_by_chat_count": 135,
              "visitors_autosuggested_count": 133,
              "visitors_with_chat_count": 11,
              "visitors_with_conversation_count": 8,
            },
            Object {
              "chats_from_autosuggest_count": 143,
              "chats_from_user_count": 0,
              "chats_from_visitor_count": 4,
              "conversation_count": 10,
              "date": "2017-05-16",
              "missed_chat_count": 2,
              "user_message_count": 51,
              "visitor_message_count": 48,
              "visitors_affected_by_chat_count": 135,
              "visitors_autosuggested_count": 132,
              "visitors_with_chat_count": 13,
              "visitors_with_conversation_count": 10,
            },
            Object {
              "chats_from_autosuggest_count": 149,
              "chats_from_user_count": 0,
              "chats_from_visitor_count": 3,
              "conversation_count": 11,
              "date": "2017-05-17",
              "missed_chat_count": 3,
              "user_message_count": 124,
              "visitor_message_count": 122,
              "visitors_affected_by_chat_count": 148,
              "visitors_autosuggested_count": 145,
              "visitors_with_chat_count": 16,
              "visitors_with_conversation_count": 11,
            },
            Object {
              "chats_from_autosuggest_count": 97,
              "chats_from_user_count": 1,
              "chats_from_visitor_count": 2,
              "conversation_count": 8,
              "date": "2017-05-18",
              "missed_chat_count": 0,
              "user_message_count": 65,
              "visitor_message_count": 70,
              "visitors_affected_by_chat_count": 98,
              "visitors_autosuggested_count": 95,
              "visitors_with_chat_count": 13,
              "visitors_with_conversation_count": 8,
            },
            Object {
              "chats_from_autosuggest_count": 94,
              "chats_from_user_count": 1,
              "chats_from_visitor_count": 5,
              "conversation_count": 13,
              "date": "2017-05-19",
              "missed_chat_count": 3,
              "user_message_count": 118,
              "visitor_message_count": 82,
              "visitors_affected_by_chat_count": 93,
              "visitors_autosuggested_count": 91,
              "visitors_with_chat_count": 17,
              "visitors_with_conversation_count": 12,
            },
            Object {
              "chats_from_autosuggest_count": 140,
              "chats_from_user_count": 0,
              "chats_from_visitor_count": 4,
              "conversation_count": 13,
              "date": "2017-05-22",
              "missed_chat_count": 2,
              "user_message_count": 142,
              "visitor_message_count": 123,
              "visitors_affected_by_chat_count": 135,
              "visitors_autosuggested_count": 133,
              "visitors_with_chat_count": 15,
              "visitors_with_conversation_count": 12,
            },
            Object {
              "chats_from_autosuggest_count": 140,
              "chats_from_user_count": 0,
              "chats_from_visitor_count": 1,
              "conversation_count": 15,
              "date": "2017-05-23",
              "missed_chat_count": 1,
              "user_message_count": 112,
              "visitor_message_count": 108,
              "visitors_affected_by_chat_count": 132,
              "visitors_autosuggested_count": 131,
              "visitors_with_chat_count": 18,
              "visitors_with_conversation_count": 15,
            },
            Object {
              "chats_from_autosuggest_count": 81,
              "chats_from_user_count": 0,
              "chats_from_visitor_count": 0,
              "conversation_count": 5,
              "date": "2017-05-24",
              "missed_chat_count": 1,
              "user_message_count": 45,
              "visitor_message_count": 42,
              "visitors_affected_by_chat_count": 80,
              "visitors_autosuggested_count": 80,
              "visitors_with_chat_count": 6,
              "visitors_with_conversation_count": 5,
            },
            Object {
              "chats_from_autosuggest_count": 6,
              "chats_from_user_count": 0,
              "chats_from_visitor_count": 0,
              "conversation_count": 0,
              "date": "2017-05-25",
              "missed_chat_count": 0,
              "user_message_count": 0,
              "visitor_message_count": 0,
              "visitors_affected_by_chat_count": 6,
              "visitors_autosuggested_count": 6,
              "visitors_with_chat_count": 0,
              "visitors_with_conversation_count": 0,
            },
            Object {
              "chats_from_autosuggest_count": 102,
              "chats_from_user_count": 0,
              "chats_from_visitor_count": 2,
              "conversation_count": 9,
              "date": "2017-05-26",
              "missed_chat_count": 1,
              "user_message_count": 67,
              "visitor_message_count": 51,
              "visitors_affected_by_chat_count": 98,
              "visitors_autosuggested_count": 97,
              "visitors_with_chat_count": 11,
              "visitors_with_conversation_count": 8,
            },
            Object {
              "chats_from_autosuggest_count": 115,
              "chats_from_user_count": 0,
              "chats_from_visitor_count": 7,
              "conversation_count": 14,
              "date": "2017-05-29",
              "missed_chat_count": 2,
              "user_message_count": 105,
              "visitor_message_count": 75,
              "visitors_affected_by_chat_count": 119,
              "visitors_autosuggested_count": 112,
              "visitors_with_chat_count": 17,
              "visitors_with_conversation_count": 14,
            },
            Object {
              "chats_from_autosuggest_count": 141,
              "chats_from_user_count": 0,
              "chats_from_visitor_count": 5,
              "conversation_count": 12,
              "date": "2017-05-30",
              "missed_chat_count": 1,
              "user_message_count": 93,
              "visitor_message_count": 99,
              "visitors_affected_by_chat_count": 137,
              "visitors_autosuggested_count": 132,
              "visitors_with_chat_count": 18,
              "visitors_with_conversation_count": 11,
            },
            Object {
              "chats_from_autosuggest_count": 126,
              "chats_from_user_count": 1,
              "chats_from_visitor_count": 9,
              "conversation_count": 17,
              "date": "2017-05-31",
              "missed_chat_count": 2,
              "user_message_count": 117,
              "visitor_message_count": 120,
              "visitors_affected_by_chat_count": 132,
              "visitors_autosuggested_count": 124,
              "visitors_with_chat_count": 23,
              "visitors_with_conversation_count": 17,
            },
            Object {
              "chats_from_autosuggest_count": 173,
              "chats_from_user_count": 0,
              "chats_from_visitor_count": 2,
              "conversation_count": 9,
              "date": "2017-06-01",
              "missed_chat_count": 1,
              "user_message_count": 88,
              "visitor_message_count": 77,
              "visitors_affected_by_chat_count": 166,
              "visitors_autosuggested_count": 165,
              "visitors_with_chat_count": 12,
              "visitors_with_conversation_count": 9,
            },
            Object {
              "chats_from_autosuggest_count": 141,
              "chats_from_user_count": 0,
              "chats_from_visitor_count": 3,
              "conversation_count": 17,
              "date": "2017-06-02",
              "missed_chat_count": 0,
              "user_message_count": 201,
              "visitor_message_count": 165,
              "visitors_affected_by_chat_count": 139,
              "visitors_autosuggested_count": 136,
              "visitors_with_chat_count": 18,
              "visitors_with_conversation_count": 17,
            },
            Object {
              "chats_from_autosuggest_count": 137,
              "chats_from_user_count": 0,
              "chats_from_visitor_count": 3,
              "conversation_count": 11,
              "date": "2017-06-05",
              "missed_chat_count": 1,
              "user_message_count": 173,
              "visitor_message_count": 129,
              "visitors_affected_by_chat_count": 134,
              "visitors_autosuggested_count": 132,
              "visitors_with_chat_count": 12,
              "visitors_with_conversation_count": 11,
            },
            Object {
              "chats_from_autosuggest_count": 136,
              "chats_from_user_count": 0,
              "chats_from_visitor_count": 4,
              "conversation_count": 9,
              "date": "2017-06-06",
              "missed_chat_count": 3,
              "user_message_count": 70,
              "visitor_message_count": 59,
              "visitors_affected_by_chat_count": 136,
              "visitors_autosuggested_count": 132,
              "visitors_with_chat_count": 14,
              "visitors_with_conversation_count": 9,
            },
            Object {
              "chats_from_autosuggest_count": 106,
              "chats_from_user_count": 0,
              "chats_from_visitor_count": 3,
              "conversation_count": 8,
              "date": "2017-06-07",
              "missed_chat_count": 9,
              "user_message_count": 81,
              "visitor_message_count": 67,
              "visitors_affected_by_chat_count": 105,
              "visitors_autosuggested_count": 102,
              "visitors_with_chat_count": 18,
              "visitors_with_conversation_count": 8,
            },
            Object {
              "chats_from_autosuggest_count": 67,
              "chats_from_user_count": 1,
              "chats_from_visitor_count": 14,
              "conversation_count": 13,
              "date": "2017-06-08",
              "missed_chat_count": 3,
              "user_message_count": 77,
              "visitor_message_count": 70,
              "visitors_affected_by_chat_count": 72,
              "visitors_autosuggested_count": 62,
              "visitors_with_chat_count": 21,
              "visitors_with_conversation_count": 13,
            },
            Object {
              "chats_from_autosuggest_count": 107,
              "chats_from_user_count": 0,
              "chats_from_visitor_count": 4,
              "conversation_count": 9,
              "date": "2017-06-09",
              "missed_chat_count": 3,
              "user_message_count": 44,
              "visitor_message_count": 58,
              "visitors_affected_by_chat_count": 105,
              "visitors_autosuggested_count": 101,
              "visitors_with_chat_count": 14,
              "visitors_with_conversation_count": 9,
            },
            Object {
              "chats_from_autosuggest_count": 141,
              "chats_from_user_count": 0,
              "chats_from_visitor_count": 4,
              "conversation_count": 9,
              "date": "2017-06-12",
              "missed_chat_count": 1,
              "user_message_count": 68,
              "visitor_message_count": 61,
              "visitors_affected_by_chat_count": 139,
              "visitors_autosuggested_count": 135,
              "visitors_with_chat_count": 13,
              "visitors_with_conversation_count": 9,
            },
            Object {
              "chats_from_autosuggest_count": 168,
              "chats_from_user_count": 0,
              "chats_from_visitor_count": 2,
              "conversation_count": 12,
              "date": "2017-06-13",
              "missed_chat_count": 1,
              "user_message_count": 85,
              "visitor_message_count": 95,
              "visitors_affected_by_chat_count": 160,
              "visitors_autosuggested_count": 160,
              "visitors_with_chat_count": 13,
              "visitors_with_conversation_count": 11,
            },
            Object {
              "chats_from_autosuggest_count": 84,
              "chats_from_user_count": 2,
              "chats_from_visitor_count": 3,
              "conversation_count": 9,
              "date": "2017-06-15",
              "missed_chat_count": 0,
              "user_message_count": 45,
              "visitor_message_count": 38,
              "visitors_affected_by_chat_count": 87,
              "visitors_autosuggested_count": 82,
              "visitors_with_chat_count": 13,
              "visitors_with_conversation_count": 9,
            },
            Object {
              "chats_from_autosuggest_count": 117,
              "chats_from_user_count": 0,
              "chats_from_visitor_count": 4,
              "conversation_count": 9,
              "date": "2017-06-14",
              "missed_chat_count": 1,
              "user_message_count": 147,
              "visitor_message_count": 130,
              "visitors_affected_by_chat_count": 111,
              "visitors_autosuggested_count": 107,
              "visitors_with_chat_count": 13,
              "visitors_with_conversation_count": 8,
            },
          ]
    }
/>,
  Symbol(enzyme.__renderer__): Object {
    "batchedUpdates": [Function],
    "getNode": [Function],
    "render": [Function],
    "simulateError": [Function],
    "simulateEvent": [Function],
    "unmount": [Function],
  },
  Symbol(enzyme.__node__): Object {
    "instance": null,
    "key": undefined,
    "nodeType": "class",
    "props": Object {
      "classes": Object {
        "root": "CustomPaginationActionsTable-root-01",
        "table": "CustomPaginationActionsTable-table-02",
        "tableWrapper": "CustomPaginationActionsTable-tableWrapper-03",
      },
      "rows": Array [
        Object {
          "chats_from_autosuggest_count": 98,
          "chats_from_user_count": 1,
          "chats_from_visitor_count": 8,
          "conversation_count": 9,
          "date": "2017-05-04",
          "missed_chat_count": 3,
          "user_message_count": 94,
          "visitor_message_count": 97,
          "visitors_affected_by_chat_count": 100,
          "visitors_autosuggested_count": 92,
          "visitors_with_chat_count": 16,
          "visitors_with_conversation_count": 9,
        },
        Object {
          "chats_from_autosuggest_count": 79,
          "chats_from_user_count": 0,
          "chats_from_visitor_count": 3,
          "conversation_count": 7,
          "date": "2017-05-05",
          "missed_chat_count": 2,
          "user_message_count": 73,
          "visitor_message_count": 77,
          "visitors_affected_by_chat_count": 76,
          "visitors_autosuggested_count": 73,
          "visitors_with_chat_count": 9,
          "visitors_with_conversation_count": 7,
        },
        Object {
          "chats_from_autosuggest_count": 105,
          "chats_from_user_count": 0,
          "chats_from_visitor_count": 5,
          "conversation_count": 11,
          "date": "2017-05-02",
          "missed_chat_count": 1,
          "user_message_count": 53,
          "visitor_message_count": 51,
          "visitors_affected_by_chat_count": 107,
          "visitors_autosuggested_count": 103,
          "visitors_with_chat_count": 12,
          "visitors_with_conversation_count": 11,
        },
        Object {
          "chats_from_autosuggest_count": 105,
          "chats_from_user_count": 0,
          "chats_from_visitor_count": 3,
          "conversation_count": 10,
          "date": "2017-05-03",
          "missed_chat_count": 4,
          "user_message_count": 70,
          "visitor_message_count": 77,
          "visitors_affected_by_chat_count": 100,
          "visitors_autosuggested_count": 99,
          "visitors_with_chat_count": 17,
          "visitors_with_conversation_count": 9,
        },
        Object {
          "chats_from_autosuggest_count": 121,
          "chats_from_user_count": 0,
          "chats_from_visitor_count": 3,
          "conversation_count": 9,
          "date": "2017-05-08",
          "missed_chat_count": 3,
          "user_message_count": 50,
          "visitor_message_count": 62,
          "visitors_affected_by_chat_count": 116,
          "visitors_autosuggested_count": 114,
          "visitors_with_chat_count": 15,
          "visitors_with_conversation_count": 9,
        },
        Object {
          "chats_from_autosuggest_count": 138,
          "chats_from_user_count": 0,
          "chats_from_visitor_count": 4,
          "conversation_count": 13,
          "date": "2017-05-09",
          "missed_chat_count": 2,
          "user_message_count": 116,
          "visitor_message_count": 97,
          "visitors_affected_by_chat_count": 136,
          "visitors_autosuggested_count": 133,
          "visitors_with_chat_count": 15,
          "visitors_with_conversation_count": 13,
        },
        Object {
          "chats_from_autosuggest_count": 146,
          "chats_from_user_count": 0,
          "chats_from_visitor_count": 10,
          "conversation_count": 9,
          "date": "2017-05-10",
          "missed_chat_count": 7,
          "user_message_count": 103,
          "visitor_message_count": 94,
          "visitors_affected_by_chat_count": 139,
          "visitors_autosuggested_count": 138,
          "visitors_with_chat_count": 12,
          "visitors_with_conversation_count": 9,
        },
        Object {
          "chats_from_autosuggest_count": 154,
          "chats_from_user_count": 0,
          "chats_from_visitor_count": 0,
          "conversation_count": 0,
          "date": "2017-05-11",
          "missed_chat_count": 0,
          "user_message_count": 0,
          "visitor_message_count": 0,
          "visitors_affected_by_chat_count": 143,
          "visitors_autosuggested_count": 143,
          "visitors_with_chat_count": 0,
          "visitors_with_conversation_count": 0,
        },
        Object {
          "chats_from_autosuggest_count": 118,
          "chats_from_user_count": 0,
          "chats_from_visitor_count": 4,
          "conversation_count": 11,
          "date": "2017-05-12",
          "missed_chat_count": 0,
          "user_message_count": 99,
          "visitor_message_count": 95,
          "visitors_affected_by_chat_count": 115,
          "visitors_autosuggested_count": 112,
          "visitors_with_chat_count": 13,
          "visitors_with_conversation_count": 10,
        },
        Object {
          "chats_from_autosuggest_count": 142,
          "chats_from_user_count": 0,
          "chats_from_visitor_count": 4,
          "conversation_count": 9,
          "date": "2017-05-15",
          "missed_chat_count": 1,
          "user_message_count": 86,
          "visitor_message_count": 72,
          "visitors_affected_by_chat_count": 135,
          "visitors_autosuggested_count": 133,
          "visitors_with_chat_count": 11,
          "visitors_with_conversation_count": 8,
        },
        Object {
          "chats_from_autosuggest_count": 143,
          "chats_from_user_count": 0,
          "chats_from_visitor_count": 4,
          "conversation_count": 10,
          "date": "2017-05-16",
          "missed_chat_count": 2,
          "user_message_count": 51,
          "visitor_message_count": 48,
          "visitors_affected_by_chat_count": 135,
          "visitors_autosuggested_count": 132,
          "visitors_with_chat_count": 13,
          "visitors_with_conversation_count": 10,
        },
        Object {
          "chats_from_autosuggest_count": 149,
          "chats_from_user_count": 0,
          "chats_from_visitor_count": 3,
          "conversation_count": 11,
          "date": "2017-05-17",
          "missed_chat_count": 3,
          "user_message_count": 124,
          "visitor_message_count": 122,
          "visitors_affected_by_chat_count": 148,
          "visitors_autosuggested_count": 145,
          "visitors_with_chat_count": 16,
          "visitors_with_conversation_count": 11,
        },
        Object {
          "chats_from_autosuggest_count": 97,
          "chats_from_user_count": 1,
          "chats_from_visitor_count": 2,
          "conversation_count": 8,
          "date": "2017-05-18",
          "missed_chat_count": 0,
          "user_message_count": 65,
          "visitor_message_count": 70,
          "visitors_affected_by_chat_count": 98,
          "visitors_autosuggested_count": 95,
          "visitors_with_chat_count": 13,
          "visitors_with_conversation_count": 8,
        },
        Object {
          "chats_from_autosuggest_count": 94,
          "chats_from_user_count": 1,
          "chats_from_visitor_count": 5,
          "conversation_count": 13,
          "date": "2017-05-19",
          "missed_chat_count": 3,
          "user_message_count": 118,
          "visitor_message_count": 82,
          "visitors_affected_by_chat_count": 93,
          "visitors_autosuggested_count": 91,
          "visitors_with_chat_count": 17,
          "visitors_with_conversation_count": 12,
        },
        Object {
          "chats_from_autosuggest_count": 140,
          "chats_from_user_count": 0,
          "chats_from_visitor_count": 4,
          "conversation_count": 13,
          "date": "2017-05-22",
          "missed_chat_count": 2,
          "user_message_count": 142,
          "visitor_message_count": 123,
          "visitors_affected_by_chat_count": 135,
          "visitors_autosuggested_count": 133,
          "visitors_with_chat_count": 15,
          "visitors_with_conversation_count": 12,
        },
        Object {
          "chats_from_autosuggest_count": 140,
          "chats_from_user_count": 0,
          "chats_from_visitor_count": 1,
          "conversation_count": 15,
          "date": "2017-05-23",
          "missed_chat_count": 1,
          "user_message_count": 112,
          "visitor_message_count": 108,
          "visitors_affected_by_chat_count": 132,
          "visitors_autosuggested_count": 131,
          "visitors_with_chat_count": 18,
          "visitors_with_conversation_count": 15,
        },
        Object {
          "chats_from_autosuggest_count": 81,
          "chats_from_user_count": 0,
          "chats_from_visitor_count": 0,
          "conversation_count": 5,
          "date": "2017-05-24",
          "missed_chat_count": 1,
          "user_message_count": 45,
          "visitor_message_count": 42,
          "visitors_affected_by_chat_count": 80,
          "visitors_autosuggested_count": 80,
          "visitors_with_chat_count": 6,
          "visitors_with_conversation_count": 5,
        },
        Object {
          "chats_from_autosuggest_count": 6,
          "chats_from_user_count": 0,
          "chats_from_visitor_count": 0,
          "conversation_count": 0,
          "date": "2017-05-25",
          "missed_chat_count": 0,
          "user_message_count": 0,
          "visitor_message_count": 0,
          "visitors_affected_by_chat_count": 6,
          "visitors_autosuggested_count": 6,
          "visitors_with_chat_count": 0,
          "visitors_with_conversation_count": 0,
        },
        Object {
          "chats_from_autosuggest_count": 102,
          "chats_from_user_count": 0,
          "chats_from_visitor_count": 2,
          "conversation_count": 9,
          "date": "2017-05-26",
          "missed_chat_count": 1,
          "user_message_count": 67,
          "visitor_message_count": 51,
          "visitors_affected_by_chat_count": 98,
          "visitors_autosuggested_count": 97,
          "visitors_with_chat_count": 11,
          "visitors_with_conversation_count": 8,
        },
        Object {
          "chats_from_autosuggest_count": 115,
          "chats_from_user_count": 0,
          "chats_from_visitor_count": 7,
          "conversation_count": 14,
          "date": "2017-05-29",
          "missed_chat_count": 2,
          "user_message_count": 105,
          "visitor_message_count": 75,
          "visitors_affected_by_chat_count": 119,
          "visitors_autosuggested_count": 112,
          "visitors_with_chat_count": 17,
          "visitors_with_conversation_count": 14,
        },
        Object {
          "chats_from_autosuggest_count": 141,
          "chats_from_user_count": 0,
          "chats_from_visitor_count": 5,
          "conversation_count": 12,
          "date": "2017-05-30",
          "missed_chat_count": 1,
          "user_message_count": 93,
          "visitor_message_count": 99,
          "visitors_affected_by_chat_count": 137,
          "visitors_autosuggested_count": 132,
          "visitors_with_chat_count": 18,
          "visitors_with_conversation_count": 11,
        },
        Object {
          "chats_from_autosuggest_count": 126,
          "chats_from_user_count": 1,
          "chats_from_visitor_count": 9,
          "conversation_count": 17,
          "date": "2017-05-31",
          "missed_chat_count": 2,
          "user_message_count": 117,
          "visitor_message_count": 120,
          "visitors_affected_by_chat_count": 132,
          "visitors_autosuggested_count": 124,
          "visitors_with_chat_count": 23,
          "visitors_with_conversation_count": 17,
        },
        Object {
          "chats_from_autosuggest_count": 173,
          "chats_from_user_count": 0,
          "chats_from_visitor_count": 2,
          "conversation_count": 9,
          "date": "2017-06-01",
          "missed_chat_count": 1,
          "user_message_count": 88,
          "visitor_message_count": 77,
          "visitors_affected_by_chat_count": 166,
          "visitors_autosuggested_count": 165,
          "visitors_with_chat_count": 12,
          "visitors_with_conversation_count": 9,
        },
        Object {
          "chats_from_autosuggest_count": 141,
          "chats_from_user_count": 0,
          "chats_from_visitor_count": 3,
          "conversation_count": 17,
          "date": "2017-06-02",
          "missed_chat_count": 0,
          "user_message_count": 201,
          "visitor_message_count": 165,
          "visitors_affected_by_chat_count": 139,
          "visitors_autosuggested_count": 136,
          "visitors_with_chat_count": 18,
          "visitors_with_conversation_count": 17,
        },
        Object {
          "chats_from_autosuggest_count": 137,
          "chats_from_user_count": 0,
          "chats_from_visitor_count": 3,
          "conversation_count": 11,
          "date": "2017-06-05",
          "missed_chat_count": 1,
          "user_message_count": 173,
          "visitor_message_count": 129,
          "visitors_affected_by_chat_count": 134,
          "visitors_autosuggested_count": 132,
          "visitors_with_chat_count": 12,
          "visitors_with_conversation_count": 11,
        },
        Object {
          "chats_from_autosuggest_count": 136,
          "chats_from_user_count": 0,
          "chats_from_visitor_count": 4,
          "conversation_count": 9,
          "date": "2017-06-06",
          "missed_chat_count": 3,
          "user_message_count": 70,
          "visitor_message_count": 59,
          "visitors_affected_by_chat_count": 136,
          "visitors_autosuggested_count": 132,
          "visitors_with_chat_count": 14,
          "visitors_with_conversation_count": 9,
        },
        Object {
          "chats_from_autosuggest_count": 106,
          "chats_from_user_count": 0,
          "chats_from_visitor_count": 3,
          "conversation_count": 8,
          "date": "2017-06-07",
          "missed_chat_count": 9,
          "user_message_count": 81,
          "visitor_message_count": 67,
          "visitors_affected_by_chat_count": 105,
          "visitors_autosuggested_count": 102,
          "visitors_with_chat_count": 18,
          "visitors_with_conversation_count": 8,
        },
        Object {
          "chats_from_autosuggest_count": 67,
          "chats_from_user_count": 1,
          "chats_from_visitor_count": 14,
          "conversation_count": 13,
          "date": "2017-06-08",
          "missed_chat_count": 3,
          "user_message_count": 77,
          "visitor_message_count": 70,
          "visitors_affected_by_chat_count": 72,
          "visitors_autosuggested_count": 62,
          "visitors_with_chat_count": 21,
          "visitors_with_conversation_count": 13,
        },
        Object {
          "chats_from_autosuggest_count": 107,
          "chats_from_user_count": 0,
          "chats_from_visitor_count": 4,
          "conversation_count": 9,
          "date": "2017-06-09",
          "missed_chat_count": 3,
          "user_message_count": 44,
          "visitor_message_count": 58,
          "visitors_affected_by_chat_count": 105,
          "visitors_autosuggested_count": 101,
          "visitors_with_chat_count": 14,
          "visitors_with_conversation_count": 9,
        },
        Object {
          "chats_from_autosuggest_count": 141,
          "chats_from_user_count": 0,
          "chats_from_visitor_count": 4,
          "conversation_count": 9,
          "date": "2017-06-12",
          "missed_chat_count": 1,
          "user_message_count": 68,
          "visitor_message_count": 61,
          "visitors_affected_by_chat_count": 139,
          "visitors_autosuggested_count": 135,
          "visitors_with_chat_count": 13,
          "visitors_with_conversation_count": 9,
        },
        Object {
          "chats_from_autosuggest_count": 168,
          "chats_from_user_count": 0,
          "chats_from_visitor_count": 2,
          "conversation_count": 12,
          "date": "2017-06-13",
          "missed_chat_count": 1,
          "user_message_count": 85,
          "visitor_message_count": 95,
          "visitors_affected_by_chat_count": 160,
          "visitors_autosuggested_count": 160,
          "visitors_with_chat_count": 13,
          "visitors_with_conversation_count": 11,
        },
        Object {
          "chats_from_autosuggest_count": 84,
          "chats_from_user_count": 2,
          "chats_from_visitor_count": 3,
          "conversation_count": 9,
          "date": "2017-06-15",
          "missed_chat_count": 0,
          "user_message_count": 45,
          "visitor_message_count": 38,
          "visitors_affected_by_chat_count": 87,
          "visitors_autosuggested_count": 82,
          "visitors_with_chat_count": 13,
          "visitors_with_conversation_count": 9,
        },
        Object {
          "chats_from_autosuggest_count": 117,
          "chats_from_user_count": 0,
          "chats_from_visitor_count": 4,
          "conversation_count": 9,
          "date": "2017-06-14",
          "missed_chat_count": 1,
          "user_message_count": 147,
          "visitor_message_count": 130,
          "visitors_affected_by_chat_count": 111,
          "visitors_autosuggested_count": 107,
          "visitors_with_chat_count": 13,
          "visitors_with_conversation_count": 8,
        },
      ],
    },
    "ref": null,
    "rendered": null,
    "type": [Function],
  },
  Symbol(enzyme.__nodes__): Array [
    Object {
      "instance": null,
      "key": undefined,
      "nodeType": "class",
      "props": Object {
        "classes": Object {
          "root": "CustomPaginationActionsTable-root-01",
          "table": "CustomPaginationActionsTable-table-02",
          "tableWrapper": "CustomPaginationActionsTable-tableWrapper-03",
        },
        "rows": Array [
          Object {
            "chats_from_autosuggest_count": 98,
            "chats_from_user_count": 1,
            "chats_from_visitor_count": 8,
            "conversation_count": 9,
            "date": "2017-05-04",
            "missed_chat_count": 3,
            "user_message_count": 94,
            "visitor_message_count": 97,
            "visitors_affected_by_chat_count": 100,
            "visitors_autosuggested_count": 92,
            "visitors_with_chat_count": 16,
            "visitors_with_conversation_count": 9,
          },
          Object {
            "chats_from_autosuggest_count": 79,
            "chats_from_user_count": 0,
            "chats_from_visitor_count": 3,
            "conversation_count": 7,
            "date": "2017-05-05",
            "missed_chat_count": 2,
            "user_message_count": 73,
            "visitor_message_count": 77,
            "visitors_affected_by_chat_count": 76,
            "visitors_autosuggested_count": 73,
            "visitors_with_chat_count": 9,
            "visitors_with_conversation_count": 7,
          },
          Object {
            "chats_from_autosuggest_count": 105,
            "chats_from_user_count": 0,
            "chats_from_visitor_count": 5,
            "conversation_count": 11,
            "date": "2017-05-02",
            "missed_chat_count": 1,
            "user_message_count": 53,
            "visitor_message_count": 51,
            "visitors_affected_by_chat_count": 107,
            "visitors_autosuggested_count": 103,
            "visitors_with_chat_count": 12,
            "visitors_with_conversation_count": 11,
          },
          Object {
            "chats_from_autosuggest_count": 105,
            "chats_from_user_count": 0,
            "chats_from_visitor_count": 3,
            "conversation_count": 10,
            "date": "2017-05-03",
            "missed_chat_count": 4,
            "user_message_count": 70,
            "visitor_message_count": 77,
            "visitors_affected_by_chat_count": 100,
            "visitors_autosuggested_count": 99,
            "visitors_with_chat_count": 17,
            "visitors_with_conversation_count": 9,
          },
          Object {
            "chats_from_autosuggest_count": 121,
            "chats_from_user_count": 0,
            "chats_from_visitor_count": 3,
            "conversation_count": 9,
            "date": "2017-05-08",
            "missed_chat_count": 3,
            "user_message_count": 50,
            "visitor_message_count": 62,
            "visitors_affected_by_chat_count": 116,
            "visitors_autosuggested_count": 114,
            "visitors_with_chat_count": 15,
            "visitors_with_conversation_count": 9,
          },
          Object {
            "chats_from_autosuggest_count": 138,
            "chats_from_user_count": 0,
            "chats_from_visitor_count": 4,
            "conversation_count": 13,
            "date": "2017-05-09",
            "missed_chat_count": 2,
            "user_message_count": 116,
            "visitor_message_count": 97,
            "visitors_affected_by_chat_count": 136,
            "visitors_autosuggested_count": 133,
            "visitors_with_chat_count": 15,
            "visitors_with_conversation_count": 13,
          },
          Object {
            "chats_from_autosuggest_count": 146,
            "chats_from_user_count": 0,
            "chats_from_visitor_count": 10,
            "conversation_count": 9,
            "date": "2017-05-10",
            "missed_chat_count": 7,
            "user_message_count": 103,
            "visitor_message_count": 94,
            "visitors_affected_by_chat_count": 139,
            "visitors_autosuggested_count": 138,
            "visitors_with_chat_count": 12,
            "visitors_with_conversation_count": 9,
          },
          Object {
            "chats_from_autosuggest_count": 154,
            "chats_from_user_count": 0,
            "chats_from_visitor_count": 0,
            "conversation_count": 0,
            "date": "2017-05-11",
            "missed_chat_count": 0,
            "user_message_count": 0,
            "visitor_message_count": 0,
            "visitors_affected_by_chat_count": 143,
            "visitors_autosuggested_count": 143,
            "visitors_with_chat_count": 0,
            "visitors_with_conversation_count": 0,
          },
          Object {
            "chats_from_autosuggest_count": 118,
            "chats_from_user_count": 0,
            "chats_from_visitor_count": 4,
            "conversation_count": 11,
            "date": "2017-05-12",
            "missed_chat_count": 0,
            "user_message_count": 99,
            "visitor_message_count": 95,
            "visitors_affected_by_chat_count": 115,
            "visitors_autosuggested_count": 112,
            "visitors_with_chat_count": 13,
            "visitors_with_conversation_count": 10,
          },
          Object {
            "chats_from_autosuggest_count": 142,
            "chats_from_user_count": 0,
            "chats_from_visitor_count": 4,
            "conversation_count": 9,
            "date": "2017-05-15",
            "missed_chat_count": 1,
            "user_message_count": 86,
            "visitor_message_count": 72,
            "visitors_affected_by_chat_count": 135,
            "visitors_autosuggested_count": 133,
            "visitors_with_chat_count": 11,
            "visitors_with_conversation_count": 8,
          },
          Object {
            "chats_from_autosuggest_count": 143,
            "chats_from_user_count": 0,
            "chats_from_visitor_count": 4,
            "conversation_count": 10,
            "date": "2017-05-16",
            "missed_chat_count": 2,
            "user_message_count": 51,
            "visitor_message_count": 48,
            "visitors_affected_by_chat_count": 135,
            "visitors_autosuggested_count": 132,
            "visitors_with_chat_count": 13,
            "visitors_with_conversation_count": 10,
          },
          Object {
            "chats_from_autosuggest_count": 149,
            "chats_from_user_count": 0,
            "chats_from_visitor_count": 3,
            "conversation_count": 11,
            "date": "2017-05-17",
            "missed_chat_count": 3,
            "user_message_count": 124,
            "visitor_message_count": 122,
            "visitors_affected_by_chat_count": 148,
            "visitors_autosuggested_count": 145,
            "visitors_with_chat_count": 16,
            "visitors_with_conversation_count": 11,
          },
          Object {
            "chats_from_autosuggest_count": 97,
            "chats_from_user_count": 1,
            "chats_from_visitor_count": 2,
            "conversation_count": 8,
            "date": "2017-05-18",
            "missed_chat_count": 0,
            "user_message_count": 65,
            "visitor_message_count": 70,
            "visitors_affected_by_chat_count": 98,
            "visitors_autosuggested_count": 95,
            "visitors_with_chat_count": 13,
            "visitors_with_conversation_count": 8,
          },
          Object {
            "chats_from_autosuggest_count": 94,
            "chats_from_user_count": 1,
            "chats_from_visitor_count": 5,
            "conversation_count": 13,
            "date": "2017-05-19",
            "missed_chat_count": 3,
            "user_message_count": 118,
            "visitor_message_count": 82,
            "visitors_affected_by_chat_count": 93,
            "visitors_autosuggested_count": 91,
            "visitors_with_chat_count": 17,
            "visitors_with_conversation_count": 12,
          },
          Object {
            "chats_from_autosuggest_count": 140,
            "chats_from_user_count": 0,
            "chats_from_visitor_count": 4,
            "conversation_count": 13,
            "date": "2017-05-22",
            "missed_chat_count": 2,
            "user_message_count": 142,
            "visitor_message_count": 123,
            "visitors_affected_by_chat_count": 135,
            "visitors_autosuggested_count": 133,
            "visitors_with_chat_count": 15,
            "visitors_with_conversation_count": 12,
          },
          Object {
            "chats_from_autosuggest_count": 140,
            "chats_from_user_count": 0,
            "chats_from_visitor_count": 1,
            "conversation_count": 15,
            "date": "2017-05-23",
            "missed_chat_count": 1,
            "user_message_count": 112,
            "visitor_message_count": 108,
            "visitors_affected_by_chat_count": 132,
            "visitors_autosuggested_count": 131,
            "visitors_with_chat_count": 18,
            "visitors_with_conversation_count": 15,
          },
          Object {
            "chats_from_autosuggest_count": 81,
            "chats_from_user_count": 0,
            "chats_from_visitor_count": 0,
            "conversation_count": 5,
            "date": "2017-05-24",
            "missed_chat_count": 1,
            "user_message_count": 45,
            "visitor_message_count": 42,
            "visitors_affected_by_chat_count": 80,
            "visitors_autosuggested_count": 80,
            "visitors_with_chat_count": 6,
            "visitors_with_conversation_count": 5,
          },
          Object {
            "chats_from_autosuggest_count": 6,
            "chats_from_user_count": 0,
            "chats_from_visitor_count": 0,
            "conversation_count": 0,
            "date": "2017-05-25",
            "missed_chat_count": 0,
            "user_message_count": 0,
            "visitor_message_count": 0,
            "visitors_affected_by_chat_count": 6,
            "visitors_autosuggested_count": 6,
            "visitors_with_chat_count": 0,
            "visitors_with_conversation_count": 0,
          },
          Object {
            "chats_from_autosuggest_count": 102,
            "chats_from_user_count": 0,
            "chats_from_visitor_count": 2,
            "conversation_count": 9,
            "date": "2017-05-26",
            "missed_chat_count": 1,
            "user_message_count": 67,
            "visitor_message_count": 51,
            "visitors_affected_by_chat_count": 98,
            "visitors_autosuggested_count": 97,
            "visitors_with_chat_count": 11,
            "visitors_with_conversation_count": 8,
          },
          Object {
            "chats_from_autosuggest_count": 115,
            "chats_from_user_count": 0,
            "chats_from_visitor_count": 7,
            "conversation_count": 14,
            "date": "2017-05-29",
            "missed_chat_count": 2,
            "user_message_count": 105,
            "visitor_message_count": 75,
            "visitors_affected_by_chat_count": 119,
            "visitors_autosuggested_count": 112,
            "visitors_with_chat_count": 17,
            "visitors_with_conversation_count": 14,
          },
          Object {
            "chats_from_autosuggest_count": 141,
            "chats_from_user_count": 0,
            "chats_from_visitor_count": 5,
            "conversation_count": 12,
            "date": "2017-05-30",
            "missed_chat_count": 1,
            "user_message_count": 93,
            "visitor_message_count": 99,
            "visitors_affected_by_chat_count": 137,
            "visitors_autosuggested_count": 132,
            "visitors_with_chat_count": 18,
            "visitors_with_conversation_count": 11,
          },
          Object {
            "chats_from_autosuggest_count": 126,
            "chats_from_user_count": 1,
            "chats_from_visitor_count": 9,
            "conversation_count": 17,
            "date": "2017-05-31",
            "missed_chat_count": 2,
            "user_message_count": 117,
            "visitor_message_count": 120,
            "visitors_affected_by_chat_count": 132,
            "visitors_autosuggested_count": 124,
            "visitors_with_chat_count": 23,
            "visitors_with_conversation_count": 17,
          },
          Object {
            "chats_from_autosuggest_count": 173,
            "chats_from_user_count": 0,
            "chats_from_visitor_count": 2,
            "conversation_count": 9,
            "date": "2017-06-01",
            "missed_chat_count": 1,
            "user_message_count": 88,
            "visitor_message_count": 77,
            "visitors_affected_by_chat_count": 166,
            "visitors_autosuggested_count": 165,
            "visitors_with_chat_count": 12,
            "visitors_with_conversation_count": 9,
          },
          Object {
            "chats_from_autosuggest_count": 141,
            "chats_from_user_count": 0,
            "chats_from_visitor_count": 3,
            "conversation_count": 17,
            "date": "2017-06-02",
            "missed_chat_count": 0,
            "user_message_count": 201,
            "visitor_message_count": 165,
            "visitors_affected_by_chat_count": 139,
            "visitors_autosuggested_count": 136,
            "visitors_with_chat_count": 18,
            "visitors_with_conversation_count": 17,
          },
          Object {
            "chats_from_autosuggest_count": 137,
            "chats_from_user_count": 0,
            "chats_from_visitor_count": 3,
            "conversation_count": 11,
            "date": "2017-06-05",
            "missed_chat_count": 1,
            "user_message_count": 173,
            "visitor_message_count": 129,
            "visitors_affected_by_chat_count": 134,
            "visitors_autosuggested_count": 132,
            "visitors_with_chat_count": 12,
            "visitors_with_conversation_count": 11,
          },
          Object {
            "chats_from_autosuggest_count": 136,
            "chats_from_user_count": 0,
            "chats_from_visitor_count": 4,
            "conversation_count": 9,
            "date": "2017-06-06",
            "missed_chat_count": 3,
            "user_message_count": 70,
            "visitor_message_count": 59,
            "visitors_affected_by_chat_count": 136,
            "visitors_autosuggested_count": 132,
            "visitors_with_chat_count": 14,
            "visitors_with_conversation_count": 9,
          },
          Object {
            "chats_from_autosuggest_count": 106,
            "chats_from_user_count": 0,
            "chats_from_visitor_count": 3,
            "conversation_count": 8,
            "date": "2017-06-07",
            "missed_chat_count": 9,
            "user_message_count": 81,
            "visitor_message_count": 67,
            "visitors_affected_by_chat_count": 105,
            "visitors_autosuggested_count": 102,
            "visitors_with_chat_count": 18,
            "visitors_with_conversation_count": 8,
          },
          Object {
            "chats_from_autosuggest_count": 67,
            "chats_from_user_count": 1,
            "chats_from_visitor_count": 14,
            "conversation_count": 13,
            "date": "2017-06-08",
            "missed_chat_count": 3,
            "user_message_count": 77,
            "visitor_message_count": 70,
            "visitors_affected_by_chat_count": 72,
            "visitors_autosuggested_count": 62,
            "visitors_with_chat_count": 21,
            "visitors_with_conversation_count": 13,
          },
          Object {
            "chats_from_autosuggest_count": 107,
            "chats_from_user_count": 0,
            "chats_from_visitor_count": 4,
            "conversation_count": 9,
            "date": "2017-06-09",
            "missed_chat_count": 3,
            "user_message_count": 44,
            "visitor_message_count": 58,
            "visitors_affected_by_chat_count": 105,
            "visitors_autosuggested_count": 101,
            "visitors_with_chat_count": 14,
            "visitors_with_conversation_count": 9,
          },
          Object {
            "chats_from_autosuggest_count": 141,
            "chats_from_user_count": 0,
            "chats_from_visitor_count": 4,
            "conversation_count": 9,
            "date": "2017-06-12",
            "missed_chat_count": 1,
            "user_message_count": 68,
            "visitor_message_count": 61,
            "visitors_affected_by_chat_count": 139,
            "visitors_autosuggested_count": 135,
            "visitors_with_chat_count": 13,
            "visitors_with_conversation_count": 9,
          },
          Object {
            "chats_from_autosuggest_count": 168,
            "chats_from_user_count": 0,
            "chats_from_visitor_count": 2,
            "conversation_count": 12,
            "date": "2017-06-13",
            "missed_chat_count": 1,
            "user_message_count": 85,
            "visitor_message_count": 95,
            "visitors_affected_by_chat_count": 160,
            "visitors_autosuggested_count": 160,
            "visitors_with_chat_count": 13,
            "visitors_with_conversation_count": 11,
          },
          Object {
            "chats_from_autosuggest_count": 84,
            "chats_from_user_count": 2,
            "chats_from_visitor_count": 3,
            "conversation_count": 9,
            "date": "2017-06-15",
            "missed_chat_count": 0,
            "user_message_count": 45,
            "visitor_message_count": 38,
            "visitors_affected_by_chat_count": 87,
            "visitors_autosuggested_count": 82,
            "visitors_with_chat_count": 13,
            "visitors_with_conversation_count": 9,
          },
          Object {
            "chats_from_autosuggest_count": 117,
            "chats_from_user_count": 0,
            "chats_from_visitor_count": 4,
            "conversation_count": 9,
            "date": "2017-06-14",
            "missed_chat_count": 1,
            "user_message_count": 147,
            "visitor_message_count": 130,
            "visitors_affected_by_chat_count": 111,
            "visitors_autosuggested_count": 107,
            "visitors_with_chat_count": 13,
            "visitors_with_conversation_count": 8,
          },
        ],
      },
      "ref": null,
      "rendered": null,
      "type": [Function],
    },
  ],
  Symbol(enzyme.__options__): Object {
    "adapter": ReactSixteenAdapter {
      "options": Object {
        "enableComponentDidUpdateOnSetState": true,
        "lifecycles": Object {
          "componentDidUpdate": Object {
            "onSetState": true,
          },
          "getDerivedStateFromProps": true,
          "getSnapshotBeforeUpdate": true,
          "setState": Object {
            "skipsComponentDidUpdateOnNullish": true,
          },
        },
      },
    },
    "attachTo": undefined,
    "hydrateIn": undefined,
  },
}
`;
